********************************************************************************
   General Structure Analysis System-II Crystal Structure Refinement
              by Robert B. Von Dreele & Brian H. Toby
                Argonne National Laboratory(C), 2010
 This product includes software developed by the UChicago Argonne, LLC,
            as Operator of Argonne National Laboratory.
                          Please cite:
   B.H. Toby & R.B. Von Dreele, J. Appl. Cryst. 46, 544-549 (2013)
********************************************************************************
 Least squares controls:
 Refinement type: analytic Hessian
 Maximum number of cycles: 10
 Regularize hydrogens (if any): False
 Initial shift factor: 1.000
 Sequential refinement controls:
 Copy of histogram results to next: False
 Process histograms in reverse order: False

 Refinement results for histogram id 0: PWDR AFP17_240.cbf Azm= 102.50
---------------------------------------------------------------------------------------------------------------------------------------
 Number of function calls: 5 No. of observations: 2500 No. of parameters: 11 User rejected: 0 Sp. gp. extinct: 0
 Refinement time =    0.372s,    0.186s/cycle, for 2 cycles
 wR =    9.22%, chi**2 =      4.66993, GOF =   0.04

 Refinement results for histogram id 1: PWDR AFP17_241.cbf Azm= 102.50
---------------------------------------------------------------------------------------------------------------------------------------
 Number of function calls: 5 No. of observations: 2500 No. of parameters: 11 User rejected: 0 Sp. gp. extinct: 0
 Refinement time =    0.335s,    0.167s/cycle, for 2 cycles
 wR =    9.09%, chi**2 =      4.55186, GOF =   0.04

 Refinement results for histogram id 2: PWDR AFP17_242.cbf Azm= 102.50
---------------------------------------------------------------------------------------------------------------------------------------
 Number of function calls: 5 No. of observations: 2500 No. of parameters: 11 User rejected: 0 Sp. gp. extinct: 0
 Refinement time =    0.337s,    0.168s/cycle, for 2 cycles
 wR =    9.27%, chi**2 =      4.72478, GOF =   0.04

 Refinement results for histogram id 3: PWDR AFP17_243.cbf Azm= 102.50
---------------------------------------------------------------------------------------------------------------------------------------
 Number of function calls: 5 No. of observations: 2500 No. of parameters: 11 User rejected: 0 Sp. gp. extinct: 0
 Refinement time =    0.349s,    0.175s/cycle, for 2 cycles
 wR =    9.19%, chi**2 =      4.64642, GOF =   0.04

 Refinement results for histogram id 4: PWDR AFP17_244.cbf Azm= 102.50
---------------------------------------------------------------------------------------------------------------------------------------
 Number of function calls: 5 No. of observations: 2500 No. of parameters: 11 User rejected: 0 Sp. gp. extinct: 0
 Refinement time =    0.338s,    0.169s/cycle, for 2 cycles
 wR =    9.05%, chi**2 =        4.502, GOF =   0.04

 Refinement results for histogram id 5: PWDR AFP17_245.cbf Azm= 102.50
---------------------------------------------------------------------------------------------------------------------------------------
 Number of function calls: 5 No. of observations: 2500 No. of parameters: 11 User rejected: 0 Sp. gp. extinct: 0
 Refinement time =    0.342s,    0.171s/cycle, for 2 cycles
 wR =    9.05%, chi**2 =      4.49355, GOF =   0.04

 Refinement results for histogram id 6: PWDR AFP17_246.cbf Azm= 102.50
---------------------------------------------------------------------------------------------------------------------------------------
 Number of function calls: 7 No. of observations: 2500 No. of parameters: 11 User rejected: 0 Sp. gp. extinct: 0
 Refinement time =    0.481s,    0.160s/cycle, for 3 cycles
 wR =   16.87%, chi**2 =      16.5639, GOF =   0.08

 Refinement results for histogram id 7: PWDR AFP17_247.cbf Azm= 102.50
---------------------------------------------------------------------------------------------------------------------------------------
 Number of function calls: 5 No. of observations: 2500 No. of parameters: 11 User rejected: 0 Sp. gp. extinct: 0
 Refinement time =    0.354s,    0.177s/cycle, for 2 cycles
 wR =    9.06%, chi**2 =      4.50679, GOF =   0.04

 Refinement results for histogram id 8: PWDR AFP17_248.cbf Azm= 102.50
---------------------------------------------------------------------------------------------------------------------------------------
 Number of function calls: 5 No. of observations: 2500 No. of parameters: 11 User rejected: 0 Sp. gp. extinct: 0
 Refinement time =    0.352s,    0.176s/cycle, for 2 cycles
 wR =    8.94%, chi**2 =      4.38225, GOF =   0.04

 Refinement results for histogram id 9: PWDR AFP17_249.cbf Azm= 102.50
---------------------------------------------------------------------------------------------------------------------------------------
 Number of function calls: 5 No. of observations: 2500 No. of parameters: 11 User rejected: 0 Sp. gp. extinct: 0
 Refinement time =    0.336s,    0.168s/cycle, for 2 cycles
 wR =    9.00%, chi**2 =      4.44586, GOF =   0.04

 Refinement results for histogram id 10: PWDR AFP17_250.cbf Azm= 102.50
---------------------------------------------------------------------------------------------------------------------------------------
 Number of function calls: 5 No. of observations: 2500 No. of parameters: 11 User rejected: 0 Sp. gp. extinct: 0
 Refinement time =    0.352s,    0.176s/cycle, for 2 cycles
 wR =    8.99%, chi**2 =      4.42878, GOF =   0.04
