********************************************************************************
   General Structure Analysis System-II Crystal Structure Refinement
              by Robert B. Von Dreele & Brian H. Toby
                Argonne National Laboratory(C), 2010
 This product includes software developed by the UChicago Argonne, LLC,
            as Operator of Argonne National Laboratory.
                          Please cite:
   B.H. Toby & R.B. Von Dreele, J. Appl. Cryst. 46, 544-549 (2013)
********************************************************************************
 Least squares controls:
 Refinement type: analytic Hessian
 Maximum number of cycles: 10
 Regularize hydrogens (if any): False
 Initial shift factor: 1.000
 Sequential refinement controls:
 Copy of histogram results to next: False
 Process histograms in reverse order: False

 Refinement results for histogram id 0: PWDR AFP16_245.cbf Azm= 102.50
---------------------------------------------------------------------------------------------------------------------------------------
 Number of function calls: 5 No. of observations: 2500 No. of parameters: 11 User rejected: 0 Sp. gp. extinct: 0
 Refinement time =    0.349s,    0.174s/cycle, for 2 cycles
 wR =    9.29%, chi**2 =      4.63111, GOF =   0.04

 Refinement results for histogram id 1: PWDR AFP16_246.cbf Azm= 102.50
---------------------------------------------------------------------------------------------------------------------------------------
 Number of function calls: 5 No. of observations: 2500 No. of parameters: 11 User rejected: 0 Sp. gp. extinct: 0
 Refinement time =    0.345s,    0.173s/cycle, for 2 cycles
 wR =    9.32%, chi**2 =       4.6548, GOF =   0.04

 Refinement results for histogram id 2: PWDR AFP16_247.cbf Azm= 102.50
---------------------------------------------------------------------------------------------------------------------------------------
 Number of function calls: 7 No. of observations: 2500 No. of parameters: 11 User rejected: 0 Sp. gp. extinct: 0
 Refinement time =    0.482s,    0.161s/cycle, for 3 cycles
 wR =   17.02%, chi**2 =        19.41, GOF =   0.09

 Refinement results for histogram id 3: PWDR AFP16_248.cbf Azm= 102.50
---------------------------------------------------------------------------------------------------------------------------------------
 Number of function calls: 5 No. of observations: 2500 No. of parameters: 11 User rejected: 0 Sp. gp. extinct: 0
 Refinement time =    0.360s,    0.180s/cycle, for 2 cycles
 wR =    9.02%, chi**2 =      4.36231, GOF =   0.04
