********************************************************************************
   General Structure Analysis System-II Crystal Structure Refinement
              by Robert B. Von Dreele & Brian H. Toby
                Argonne National Laboratory(C), 2010
 This product includes software developed by the UChicago Argonne, LLC,
            as Operator of Argonne National Laboratory.
                          Please cite:
   B.H. Toby & R.B. Von Dreele, J. Appl. Cryst. 46, 544-549 (2013)
********************************************************************************
 Least squares controls:
 Refinement type: analytic Hessian
 Maximum number of cycles: 10
 Regularize hydrogens (if any): False
 Initial shift factor: 1.000
 Sequential refinement controls:
 Copy of histogram results to next: False
 Process histograms in reverse order: False

 Refinement results for histogram id 0: PWDR AFP15_245.cbf Azm= 102.50
---------------------------------------------------------------------------------------------------------------------------------------
 Number of function calls: 5 No. of observations: 2500 No. of parameters: 11 User rejected: 0 Sp. gp. extinct: 0
 Refinement time =    0.343s,    0.171s/cycle, for 2 cycles
 wR =    8.18%, chi**2 =      3.12661, GOF =   0.04

 Refinement results for histogram id 1: PWDR AFP15_246.cbf Azm= 102.50
---------------------------------------------------------------------------------------------------------------------------------------
 Number of function calls: 5 No. of observations: 2500 No. of parameters: 11 User rejected: 0 Sp. gp. extinct: 0
 Refinement time =    0.346s,    0.173s/cycle, for 2 cycles
 wR =    8.05%, chi**2 =      3.03499, GOF =   0.03

 Refinement results for histogram id 2: PWDR AFP15_247.cbf Azm= 102.50
---------------------------------------------------------------------------------------------------------------------------------------
 Number of function calls: 5 No. of observations: 2500 No. of parameters: 11 User rejected: 0 Sp. gp. extinct: 0
 Refinement time =    0.338s,    0.169s/cycle, for 2 cycles
 wR =    7.84%, chi**2 =      2.87209, GOF =   0.03

 Refinement results for histogram id 3: PWDR AFP15_248.cbf Azm= 102.50
---------------------------------------------------------------------------------------------------------------------------------------
 Number of function calls: 5 No. of observations: 2500 No. of parameters: 11 User rejected: 0 Sp. gp. extinct: 0
 Refinement time =    0.336s,    0.168s/cycle, for 2 cycles
 wR =    8.04%, chi**2 =      3.02412, GOF =   0.03

 Refinement results for histogram id 4: PWDR AFP15_249.cbf Azm= 102.50
---------------------------------------------------------------------------------------------------------------------------------------
 Number of function calls: 5 No. of observations: 2500 No. of parameters: 11 User rejected: 0 Sp. gp. extinct: 0
 Refinement time =    0.342s,    0.171s/cycle, for 2 cycles
 wR =    8.02%, chi**2 =      3.00244, GOF =   0.03

 Refinement results for histogram id 5: PWDR AFP15_250.cbf Azm= 102.50
---------------------------------------------------------------------------------------------------------------------------------------
 Number of function calls: 5 No. of observations: 2500 No. of parameters: 11 User rejected: 0 Sp. gp. extinct: 0
 Refinement time =    0.346s,    0.173s/cycle, for 2 cycles
 wR =    7.96%, chi**2 =      2.96513, GOF =   0.03

 Refinement results for histogram id 6: PWDR AFP15_251.cbf Azm= 102.50
---------------------------------------------------------------------------------------------------------------------------------------
 Number of function calls: 5 No. of observations: 2500 No. of parameters: 11 User rejected: 0 Sp. gp. extinct: 0
 Refinement time =    0.338s,    0.169s/cycle, for 2 cycles
 wR =    8.01%, chi**2 =      2.99349, GOF =   0.03

 Refinement results for histogram id 7: PWDR AFP15_252.cbf Azm= 102.50
---------------------------------------------------------------------------------------------------------------------------------------
 Number of function calls: 5 No. of observations: 2500 No. of parameters: 11 User rejected: 0 Sp. gp. extinct: 0
 Refinement time =    0.343s,    0.172s/cycle, for 2 cycles
 wR =    7.96%, chi**2 =      2.95832, GOF =   0.03

 Refinement results for histogram id 8: PWDR AFP15_253.cbf Azm= 102.50
---------------------------------------------------------------------------------------------------------------------------------------
 Number of function calls: 5 No. of observations: 2500 No. of parameters: 11 User rejected: 0 Sp. gp. extinct: 0
 Refinement time =    0.338s,    0.169s/cycle, for 2 cycles
 wR =    8.08%, chi**2 =        3.053, GOF =   0.04

 Refinement results for histogram id 9: PWDR AFP15_254.cbf Azm= 102.50
---------------------------------------------------------------------------------------------------------------------------------------
 Number of function calls: 5 No. of observations: 2500 No. of parameters: 11 User rejected: 0 Sp. gp. extinct: 0
 Refinement time =    0.346s,    0.173s/cycle, for 2 cycles
 wR =    7.98%, chi**2 =       2.9684, GOF =   0.03

 Refinement results for histogram id 10: PWDR AFP15_255.cbf Azm= 102.50
---------------------------------------------------------------------------------------------------------------------------------------
 Number of function calls: 5 No. of observations: 2500 No. of parameters: 11 User rejected: 0 Sp. gp. extinct: 0
 Refinement time =    0.356s,    0.178s/cycle, for 2 cycles
 wR =    7.77%, chi**2 =      2.81853, GOF =   0.03
