********************************************************************************
   General Structure Analysis System-II Crystal Structure Refinement
              by Robert B. Von Dreele & Brian H. Toby
                Argonne National Laboratory(C), 2010
 This product includes software developed by the UChicago Argonne, LLC,
            as Operator of Argonne National Laboratory.
                          Please cite:
   B.H. Toby & R.B. Von Dreele, J. Appl. Cryst. 46, 544-549 (2013)
********************************************************************************
 Least squares controls:
 Refinement type: analytic Hessian
 Maximum number of cycles: 10
 Regularize hydrogens (if any): False
 Initial shift factor: 1.000
 Sequential refinement controls:
 Copy of histogram results to next: False
 Process histograms in reverse order: False

 Refinement results for histogram id 0: PWDR AFP18_240.cbf Azm= 102.50
---------------------------------------------------------------------------------------------------------------------------------------
 Number of function calls: 5 No. of observations: 2500 No. of parameters: 11 User rejected: 0 Sp. gp. extinct: 0
 Refinement time =    0.348s,    0.174s/cycle, for 2 cycles
 wR =    8.28%, chi**2 =      3.62836, GOF =   0.04

 Refinement results for histogram id 1: PWDR AFP18_241.cbf Azm= 102.50
---------------------------------------------------------------------------------------------------------------------------------------
 Number of function calls: 5 No. of observations: 2500 No. of parameters: 11 User rejected: 0 Sp. gp. extinct: 0
 Refinement time =    0.345s,    0.173s/cycle, for 2 cycles
 wR =    8.02%, chi**2 =       3.3964, GOF =   0.04

 Refinement results for histogram id 2: PWDR AFP18_242.cbf Azm= 102.50
---------------------------------------------------------------------------------------------------------------------------------------
 Number of function calls: 5 No. of observations: 2500 No. of parameters: 11 User rejected: 0 Sp. gp. extinct: 0
 Refinement time =    0.344s,    0.172s/cycle, for 2 cycles
 wR =    7.95%, chi**2 =      3.34218, GOF =   0.04

 Refinement results for histogram id 3: PWDR AFP18_243.cbf Azm= 102.50
---------------------------------------------------------------------------------------------------------------------------------------
 Number of function calls: 5 No. of observations: 2500 No. of parameters: 11 User rejected: 0 Sp. gp. extinct: 0
 Refinement time =    0.335s,    0.168s/cycle, for 2 cycles
 wR =    8.10%, chi**2 =      3.46711, GOF =   0.04

 Refinement results for histogram id 4: PWDR AFP18_244.cbf Azm= 102.50
---------------------------------------------------------------------------------------------------------------------------------------
 Number of function calls: 5 No. of observations: 2500 No. of parameters: 11 User rejected: 0 Sp. gp. extinct: 0
 Refinement time =    0.327s,    0.163s/cycle, for 2 cycles
 wR =    8.03%, chi**2 =      3.41004, GOF =   0.04

 Refinement results for histogram id 5: PWDR AFP18_245.cbf Azm= 102.50
---------------------------------------------------------------------------------------------------------------------------------------
 Number of function calls: 5 No. of observations: 2500 No. of parameters: 11 User rejected: 0 Sp. gp. extinct: 0
 Refinement time =    0.337s,    0.169s/cycle, for 2 cycles
 wR =    7.93%, chi**2 =      3.31915, GOF =   0.04

 Refinement results for histogram id 6: PWDR AFP18_246.cbf Azm= 102.50
---------------------------------------------------------------------------------------------------------------------------------------
 Number of function calls: 5 No. of observations: 2500 No. of parameters: 11 User rejected: 0 Sp. gp. extinct: 0
 Refinement time =    0.340s,    0.170s/cycle, for 2 cycles
 wR =    8.00%, chi**2 =      3.37968, GOF =   0.04

 Refinement results for histogram id 7: PWDR AFP18_247.cbf Azm= 102.50
---------------------------------------------------------------------------------------------------------------------------------------
 Number of function calls: 5 No. of observations: 2500 No. of parameters: 11 User rejected: 0 Sp. gp. extinct: 0
 Refinement time =    0.335s,    0.167s/cycle, for 2 cycles
 wR =    7.95%, chi**2 =      3.34422, GOF =   0.04

 Refinement results for histogram id 8: PWDR AFP18_248.cbf Azm= 102.50
---------------------------------------------------------------------------------------------------------------------------------------
 Number of function calls: 5 No. of observations: 2500 No. of parameters: 11 User rejected: 0 Sp. gp. extinct: 0
 Refinement time =    0.350s,    0.175s/cycle, for 2 cycles
 wR =    7.88%, chi**2 =      3.28034, GOF =   0.04

 Refinement results for histogram id 9: PWDR AFP18_249.cbf Azm= 102.50
---------------------------------------------------------------------------------------------------------------------------------------
 Number of function calls: 5 No. of observations: 2500 No. of parameters: 11 User rejected: 0 Sp. gp. extinct: 0
 Refinement time =    0.342s,    0.171s/cycle, for 2 cycles
 wR =    8.00%, chi**2 =       3.3754, GOF =   0.04

 Refinement results for histogram id 10: PWDR AFP18_250.cbf Azm= 102.50
---------------------------------------------------------------------------------------------------------------------------------------
 Number of function calls: 5 No. of observations: 2500 No. of parameters: 11 User rejected: 0 Sp. gp. extinct: 0
 Refinement time =    0.335s,    0.168s/cycle, for 2 cycles
 wR =    7.81%, chi**2 =      3.21369, GOF =   0.04

 Refinement results for histogram id 11: PWDR AFP18_251.cbf Azm= 102.50
---------------------------------------------------------------------------------------------------------------------------------------
 Number of function calls: 5 No. of observations: 2500 No. of parameters: 11 User rejected: 0 Sp. gp. extinct: 0
 Refinement time =    0.334s,    0.167s/cycle, for 2 cycles
 wR =    7.73%, chi**2 =      3.15188, GOF =   0.04

 Refinement results for histogram id 12: PWDR AFP18_252.cbf Azm= 102.50
---------------------------------------------------------------------------------------------------------------------------------------
 Number of function calls: 5 No. of observations: 2500 No. of parameters: 11 User rejected: 0 Sp. gp. extinct: 0
 Refinement time =    0.331s,    0.166s/cycle, for 2 cycles
 wR =    7.84%, chi**2 =       3.2423, GOF =   0.04
