********************************************************************************
   General Structure Analysis System-II Crystal Structure Refinement
              by Robert B. Von Dreele & Brian H. Toby
                Argonne National Laboratory(C), 2010
 This product includes software developed by the UChicago Argonne, LLC,
            as Operator of Argonne National Laboratory.
                          Please cite:
   B.H. Toby & R.B. Von Dreele, J. Appl. Cryst. 46, 544-549 (2013)
********************************************************************************
 Least squares controls:
 Refinement type: analytic Hessian
 Maximum number of cycles: 10
 Regularize hydrogens (if any): False
 Initial shift factor: 1.000
 Sequential refinement controls:
 Copy of histogram results to next: False
 Process histograms in reverse order: False

 Refinement results for histogram id 0: PWDR AFP21_240.cbf Azm= 102.50
---------------------------------------------------------------------------------------------------------------------------------------
 Number of function calls: 5 No. of observations: 2500 No. of parameters: 11 User rejected: 0 Sp. gp. extinct: 0
 Refinement time =    0.351s,    0.176s/cycle, for 2 cycles
 wR =    8.00%, chi**2 =      3.38945, GOF =   0.04

 Refinement results for histogram id 1: PWDR AFP21_241.cbf Azm= 102.50
---------------------------------------------------------------------------------------------------------------------------------------
 Number of function calls: 5 No. of observations: 2500 No. of parameters: 11 User rejected: 0 Sp. gp. extinct: 0
 Refinement time =    0.341s,    0.170s/cycle, for 2 cycles
 wR =    7.99%, chi**2 =      3.37396, GOF =   0.04

 Refinement results for histogram id 2: PWDR AFP21_242.cbf Azm= 102.50
---------------------------------------------------------------------------------------------------------------------------------------
 Number of function calls: 5 No. of observations: 2500 No. of parameters: 11 User rejected: 0 Sp. gp. extinct: 0
 Refinement time =    0.334s,    0.167s/cycle, for 2 cycles
 wR =    8.04%, chi**2 =      3.42053, GOF =   0.04

 Refinement results for histogram id 3: PWDR AFP21_243.cbf Azm= 102.50
---------------------------------------------------------------------------------------------------------------------------------------
 Number of function calls: 5 No. of observations: 2500 No. of parameters: 11 User rejected: 0 Sp. gp. extinct: 0
 Refinement time =    0.345s,    0.172s/cycle, for 2 cycles
 wR =    8.02%, chi**2 =      3.39763, GOF =   0.04

 Refinement results for histogram id 4: PWDR AFP21_244.cbf Azm= 102.50
---------------------------------------------------------------------------------------------------------------------------------------
 Number of function calls: 5 No. of observations: 2500 No. of parameters: 11 User rejected: 0 Sp. gp. extinct: 0
 Refinement time =    0.349s,    0.174s/cycle, for 2 cycles
 wR =    8.07%, chi**2 =      3.44434, GOF =   0.04

 Refinement results for histogram id 5: PWDR AFP21_245.cbf Azm= 102.50
---------------------------------------------------------------------------------------------------------------------------------------
 Number of function calls: 5 No. of observations: 2500 No. of parameters: 11 User rejected: 0 Sp. gp. extinct: 0
 Refinement time =    0.351s,    0.175s/cycle, for 2 cycles
 wR =    8.10%, chi**2 =         3.46, GOF =   0.04

 Refinement results for histogram id 6: PWDR AFP21_246.cbf Azm= 102.50
---------------------------------------------------------------------------------------------------------------------------------------
 Number of function calls: 5 No. of observations: 2500 No. of parameters: 11 User rejected: 0 Sp. gp. extinct: 0
 Refinement time =    0.344s,    0.172s/cycle, for 2 cycles
 wR =    7.94%, chi**2 =      3.32737, GOF =   0.04

 Refinement results for histogram id 7: PWDR AFP21_247.cbf Azm= 102.50
---------------------------------------------------------------------------------------------------------------------------------------
 Number of function calls: 5 No. of observations: 2500 No. of parameters: 11 User rejected: 0 Sp. gp. extinct: 0
 Refinement time =    0.347s,    0.174s/cycle, for 2 cycles
 wR =    8.03%, chi**2 =      3.40723, GOF =   0.04

 Refinement results for histogram id 8: PWDR AFP21_248.cbf Azm= 102.50
---------------------------------------------------------------------------------------------------------------------------------------
 Number of function calls: 5 No. of observations: 2500 No. of parameters: 11 User rejected: 0 Sp. gp. extinct: 0
 Refinement time =    0.340s,    0.170s/cycle, for 2 cycles
 wR =    8.14%, chi**2 =      3.50515, GOF =   0.04

 Refinement results for histogram id 9: PWDR AFP21_249.cbf Azm= 102.50
---------------------------------------------------------------------------------------------------------------------------------------
 Number of function calls: 5 No. of observations: 2500 No. of parameters: 11 User rejected: 0 Sp. gp. extinct: 0
 Refinement time =    0.334s,    0.167s/cycle, for 2 cycles
 wR =    7.95%, chi**2 =      3.33077, GOF =   0.04

 Refinement results for histogram id 10: PWDR AFP21_250.cbf Azm= 102.50
---------------------------------------------------------------------------------------------------------------------------------------
 Number of function calls: 5 No. of observations: 2500 No. of parameters: 11 User rejected: 0 Sp. gp. extinct: 0
 Refinement time =    0.342s,    0.171s/cycle, for 2 cycles
 wR =    7.93%, chi**2 =      3.31389, GOF =   0.04

 Refinement results for histogram id 11: PWDR AFP21_251.cbf Azm= 102.50
---------------------------------------------------------------------------------------------------------------------------------------
 Number of function calls: 5 No. of observations: 2500 No. of parameters: 11 User rejected: 0 Sp. gp. extinct: 0
 Refinement time =    0.334s,    0.167s/cycle, for 2 cycles
 wR =    7.88%, chi**2 =      3.28015, GOF =   0.04

 Refinement results for histogram id 12: PWDR AFP21_252.cbf Azm= 102.50
---------------------------------------------------------------------------------------------------------------------------------------
 Number of function calls: 5 No. of observations: 2500 No. of parameters: 11 User rejected: 0 Sp. gp. extinct: 0
 Refinement time =    0.337s,    0.169s/cycle, for 2 cycles
 wR =    7.85%, chi**2 =      3.24731, GOF =   0.04

 Refinement results for histogram id 13: PWDR AFP21_253.cbf Azm= 102.50
---------------------------------------------------------------------------------------------------------------------------------------
 Number of function calls: 5 No. of observations: 2500 No. of parameters: 11 User rejected: 0 Sp. gp. extinct: 0
 Refinement time =    0.337s,    0.169s/cycle, for 2 cycles
 wR =    7.87%, chi**2 =      3.27396, GOF =   0.04
