********************************************************************************
   General Structure Analysis System-II Crystal Structure Refinement
              by Robert B. Von Dreele & Brian H. Toby
                Argonne National Laboratory(C), 2010
 This product includes software developed by the UChicago Argonne, LLC,
            as Operator of Argonne National Laboratory.
                          Please cite:
   B.H. Toby & R.B. Von Dreele, J. Appl. Cryst. 46, 544-549 (2013)
********************************************************************************
 Least squares controls:
 Refinement type: analytic Hessian
 Maximum number of cycles: 10
 Regularize hydrogens (if any): False
 Initial shift factor: 1.000
 Sequential refinement controls:
 Copy of histogram results to next: False
 Process histograms in reverse order: False

 Refinement results for histogram id 0: PWDR AFP6_240.cbf Azm= 102.50
---------------------------------------------------------------------------------------------------------------------------------------
 Number of function calls: 5 No. of observations: 2500 No. of parameters: 11 User rejected: 0 Sp. gp. extinct: 0
 Refinement time =    0.359s,    0.180s/cycle, for 2 cycles
 wR =   11.52%, chi**2 =      5.18657, GOF =   0.05

 Refinement results for histogram id 1: PWDR AFP6_241.cbf Azm= 102.50
---------------------------------------------------------------------------------------------------------------------------------------
 Number of function calls: 5 No. of observations: 2500 No. of parameters: 11 User rejected: 0 Sp. gp. extinct: 0
 Refinement time =    0.397s,    0.198s/cycle, for 2 cycles
 wR =   11.60%, chi**2 =      5.25479, GOF =   0.05

 Refinement results for histogram id 2: PWDR AFP6_242.cbf Azm= 102.50
---------------------------------------------------------------------------------------------------------------------------------------
 Number of function calls: 5 No. of observations: 2500 No. of parameters: 11 User rejected: 0 Sp. gp. extinct: 0
 Refinement time =    0.384s,    0.192s/cycle, for 2 cycles
 wR =   11.62%, chi**2 =       5.2738, GOF =   0.05

 Refinement results for histogram id 3: PWDR AFP6_243.cbf Azm= 102.50
---------------------------------------------------------------------------------------------------------------------------------------
 Number of function calls: 9 No. of observations: 2500 No. of parameters: 11 User rejected: 0 Sp. gp. extinct: 0
 Refinement time =    0.664s,    0.166s/cycle, for 4 cycles
 wR =   19.37%, chi**2 =      13.4076, GOF =   0.07

 Refinement results for histogram id 4: PWDR AFP6_244.cbf Azm= 102.50
---------------------------------------------------------------------------------------------------------------------------------------
 Number of function calls: 5 No. of observations: 2500 No. of parameters: 11 User rejected: 0 Sp. gp. extinct: 0
 Refinement time =    0.366s,    0.183s/cycle, for 2 cycles
 wR =   11.43%, chi**2 =      5.09911, GOF =   0.05

 Refinement results for histogram id 5: PWDR AFP6_245.cbf Azm= 102.50
---------------------------------------------------------------------------------------------------------------------------------------
 Number of function calls: 5 No. of observations: 2500 No. of parameters: 11 User rejected: 0 Sp. gp. extinct: 0
 Refinement time =    0.352s,    0.176s/cycle, for 2 cycles
 wR =   11.33%, chi**2 =      5.01325, GOF =   0.04

 Refinement results for histogram id 6: PWDR AFP6_246.cbf Azm= 102.50
---------------------------------------------------------------------------------------------------------------------------------------
 Number of function calls: 5 No. of observations: 2500 No. of parameters: 11 User rejected: 0 Sp. gp. extinct: 0
 Refinement time =    0.352s,    0.176s/cycle, for 2 cycles
 wR =   11.39%, chi**2 =      5.06545, GOF =   0.05

 Refinement results for histogram id 7: PWDR AFP6_247.cbf Azm= 102.50
---------------------------------------------------------------------------------------------------------------------------------------
 Number of function calls: 5 No. of observations: 2500 No. of parameters: 11 User rejected: 0 Sp. gp. extinct: 0
 Refinement time =    0.354s,    0.177s/cycle, for 2 cycles
 wR =   11.07%, chi**2 =      4.78684, GOF =   0.04

 Refinement results for histogram id 8: PWDR AFP6_248.cbf Azm= 102.50
---------------------------------------------------------------------------------------------------------------------------------------
 Number of function calls: 5 No. of observations: 2500 No. of parameters: 11 User rejected: 0 Sp. gp. extinct: 0
 Refinement time =    0.356s,    0.178s/cycle, for 2 cycles
 wR =   11.13%, chi**2 =      4.83018, GOF =   0.04

 Refinement results for histogram id 9: PWDR AFP6_249.cbf Azm= 102.50
---------------------------------------------------------------------------------------------------------------------------------------
 Number of function calls: 5 No. of observations: 2500 No. of parameters: 11 User rejected: 0 Sp. gp. extinct: 0
 Refinement time =    0.350s,    0.175s/cycle, for 2 cycles
 wR =   10.91%, chi**2 =      4.64579, GOF =   0.04
