********************************************************************************
   General Structure Analysis System-II Crystal Structure Refinement
              by Robert B. Von Dreele & Brian H. Toby
                Argonne National Laboratory(C), 2010
 This product includes software developed by the UChicago Argonne, LLC,
            as Operator of Argonne National Laboratory.
                          Please cite:
   B.H. Toby & R.B. Von Dreele, J. Appl. Cryst. 46, 544-549 (2013)
********************************************************************************
 Least squares controls:
 Refinement type: analytic Hessian
 Maximum number of cycles: 10
 Regularize hydrogens (if any): False
 Initial shift factor: 1.000
 Sequential refinement controls:
 Copy of histogram results to next: False
 Process histograms in reverse order: False

 Refinement results for histogram id 0: PWDR AFP7_240.cbf Azm= 102.50
---------------------------------------------------------------------------------------------------------------------------------------
 Number of function calls: 5 No. of observations: 2500 No. of parameters: 11 User rejected: 0 Sp. gp. extinct: 0
 Refinement time =    0.389s,    0.194s/cycle, for 2 cycles
 wR =    7.70%, chi**2 =      2.76983, GOF =   0.03

 Refinement results for histogram id 1: PWDR AFP7_241.cbf Azm= 102.50
---------------------------------------------------------------------------------------------------------------------------------------
 Number of function calls: 5 No. of observations: 2500 No. of parameters: 11 User rejected: 0 Sp. gp. extinct: 0
 Refinement time =    0.363s,    0.182s/cycle, for 2 cycles
 wR =    7.75%, chi**2 =      2.80806, GOF =   0.03

 Refinement results for histogram id 2: PWDR AFP7_242.cbf Azm= 102.50
---------------------------------------------------------------------------------------------------------------------------------------
 Number of function calls: 5 No. of observations: 2500 No. of parameters: 11 User rejected: 0 Sp. gp. extinct: 0
 Refinement time =    0.388s,    0.194s/cycle, for 2 cycles
 wR =    7.85%, chi**2 =      2.87932, GOF =   0.03

 Refinement results for histogram id 3: PWDR AFP7_243.cbf Azm= 102.50
---------------------------------------------------------------------------------------------------------------------------------------
 Number of function calls: 5 No. of observations: 2500 No. of parameters: 11 User rejected: 0 Sp. gp. extinct: 0
 Refinement time =    0.393s,    0.197s/cycle, for 2 cycles
 wR =    7.72%, chi**2 =       2.7884, GOF =   0.03

 Refinement results for histogram id 4: PWDR AFP7_244.cbf Azm= 102.50
---------------------------------------------------------------------------------------------------------------------------------------
 Number of function calls: 5 No. of observations: 2500 No. of parameters: 11 User rejected: 0 Sp. gp. extinct: 0
 Refinement time =    0.363s,    0.181s/cycle, for 2 cycles
 wR =    7.62%, chi**2 =      2.71049, GOF =   0.03

 Refinement results for histogram id 5: PWDR AFP7_245.cbf Azm= 102.50
---------------------------------------------------------------------------------------------------------------------------------------
 Number of function calls: 5 No. of observations: 2500 No. of parameters: 11 User rejected: 0 Sp. gp. extinct: 0
 Refinement time =    0.375s,    0.187s/cycle, for 2 cycles
 wR =    7.71%, chi**2 =      2.77607, GOF =   0.03

 Refinement results for histogram id 6: PWDR AFP7_246.cbf Azm= 102.50
---------------------------------------------------------------------------------------------------------------------------------------
 Number of function calls: 5 No. of observations: 2500 No. of parameters: 11 User rejected: 0 Sp. gp. extinct: 0
 Refinement time =    0.357s,    0.178s/cycle, for 2 cycles
 wR =    7.70%, chi**2 =      2.77138, GOF =   0.03

 Refinement results for histogram id 7: PWDR AFP7_247.cbf Azm= 102.50
---------------------------------------------------------------------------------------------------------------------------------------
 Number of function calls: 5 No. of observations: 2500 No. of parameters: 11 User rejected: 0 Sp. gp. extinct: 0
 Refinement time =    0.338s,    0.169s/cycle, for 2 cycles
 wR =    7.58%, chi**2 =      2.68296, GOF =   0.03

 Refinement results for histogram id 8: PWDR AFP7_248.cbf Azm= 102.50
---------------------------------------------------------------------------------------------------------------------------------------
 Number of function calls: 5 No. of observations: 2500 No. of parameters: 11 User rejected: 0 Sp. gp. extinct: 0
 Refinement time =    0.336s,    0.168s/cycle, for 2 cycles
 wR =    7.61%, chi**2 =      2.70248, GOF =   0.03

 Refinement results for histogram id 9: PWDR AFP7_249.cbf Azm= 102.50
---------------------------------------------------------------------------------------------------------------------------------------
 Number of function calls: 5 No. of observations: 2500 No. of parameters: 11 User rejected: 0 Sp. gp. extinct: 0
 Refinement time =    0.342s,    0.171s/cycle, for 2 cycles
 wR =    7.69%, chi**2 =      2.76232, GOF =   0.03

 Refinement results for histogram id 10: PWDR AFP7_250.cbf Azm= 102.50
---------------------------------------------------------------------------------------------------------------------------------------
 Number of function calls: 5 No. of observations: 2500 No. of parameters: 11 User rejected: 0 Sp. gp. extinct: 0
 Refinement time =    0.337s,    0.169s/cycle, for 2 cycles
 wR =    7.51%, chi**2 =      2.63413, GOF =   0.03

 Refinement results for histogram id 11: PWDR AFP7_251.cbf Azm= 102.50
---------------------------------------------------------------------------------------------------------------------------------------
 Number of function calls: 5 No. of observations: 2500 No. of parameters: 11 User rejected: 0 Sp. gp. extinct: 0
 Refinement time =    0.349s,    0.175s/cycle, for 2 cycles
 wR =    7.45%, chi**2 =      2.58563, GOF =   0.03
