********************************************************************************
   General Structure Analysis System-II Crystal Structure Refinement
              by Robert B. Von Dreele & Brian H. Toby
                Argonne National Laboratory(C), 2010
 This product includes software developed by the UChicago Argonne, LLC,
            as Operator of Argonne National Laboratory.
                          Please cite:
   B.H. Toby & R.B. Von Dreele, J. Appl. Cryst. 46, 544-549 (2013)
********************************************************************************
 Least squares controls:
 Refinement type: analytic Hessian
 Maximum number of cycles: 10
 Regularize hydrogens (if any): False
 Initial shift factor: 1.000
 Sequential refinement controls:
 Copy of histogram results to next: False
 Process histograms in reverse order: False

 Refinement results for histogram id 0: PWDR WT2_240.cbf Azm= 102.50
---------------------------------------------------------------------------------------------------------------------------------------
 Number of function calls: 5 No. of observations: 2500 No. of parameters: 11 User rejected: 0 Sp. gp. extinct: 0
 Refinement time =    0.354s,    0.177s/cycle, for 2 cycles
 wR =    8.03%, chi**2 =      2.80423, GOF =   0.03

 Refinement results for histogram id 1: PWDR WT2_241.cbf Azm= 102.50
---------------------------------------------------------------------------------------------------------------------------------------
 Number of function calls: 5 No. of observations: 2500 No. of parameters: 11 User rejected: 0 Sp. gp. extinct: 0
 Refinement time =    0.340s,    0.170s/cycle, for 2 cycles
 wR =    8.22%, chi**2 =      2.94084, GOF =   0.03

 Refinement results for histogram id 2: PWDR WT2_242.cbf Azm= 102.50
---------------------------------------------------------------------------------------------------------------------------------------
 Number of function calls: 5 No. of observations: 2500 No. of parameters: 11 User rejected: 0 Sp. gp. extinct: 0
 Refinement time =    0.348s,    0.174s/cycle, for 2 cycles
 wR =    8.07%, chi**2 =      2.82874, GOF =   0.03

 Refinement results for histogram id 3: PWDR WT2_243.cbf Azm= 102.50
---------------------------------------------------------------------------------------------------------------------------------------
 Number of function calls: 5 No. of observations: 2500 No. of parameters: 11 User rejected: 0 Sp. gp. extinct: 0
 Refinement time =    0.339s,    0.169s/cycle, for 2 cycles
 wR =    8.04%, chi**2 =      2.81193, GOF =   0.03

 Refinement results for histogram id 4: PWDR WT2_244.cbf Azm= 102.50
---------------------------------------------------------------------------------------------------------------------------------------
 Number of function calls: 5 No. of observations: 2500 No. of parameters: 11 User rejected: 0 Sp. gp. extinct: 0
 Refinement time =    0.334s,    0.167s/cycle, for 2 cycles
 wR =    8.21%, chi**2 =      2.92425, GOF =   0.03

 Refinement results for histogram id 5: PWDR WT2_245.cbf Azm= 102.50
---------------------------------------------------------------------------------------------------------------------------------------
 Number of function calls: 5 No. of observations: 2500 No. of parameters: 11 User rejected: 0 Sp. gp. extinct: 0
 Refinement time =    0.340s,    0.170s/cycle, for 2 cycles
 wR =    8.08%, chi**2 =       2.8377, GOF =   0.03

 Refinement results for histogram id 6: PWDR WT2_246.cbf Azm= 102.50
---------------------------------------------------------------------------------------------------------------------------------------
 Number of function calls: 5 No. of observations: 2500 No. of parameters: 11 User rejected: 0 Sp. gp. extinct: 0
 Refinement time =    0.334s,    0.167s/cycle, for 2 cycles
 wR =    7.96%, chi**2 =      2.75334, GOF =   0.03

 Refinement results for histogram id 7: PWDR WT2_247.cbf Azm= 102.50
---------------------------------------------------------------------------------------------------------------------------------------
 Number of function calls: 5 No. of observations: 2500 No. of parameters: 11 User rejected: 0 Sp. gp. extinct: 0
 Refinement time =    0.338s,    0.169s/cycle, for 2 cycles
 wR =    8.04%, chi**2 =      2.81686, GOF =   0.03

 Refinement results for histogram id 8: PWDR WT2_248.cbf Azm= 102.50
---------------------------------------------------------------------------------------------------------------------------------------
 Number of function calls: 5 No. of observations: 2500 No. of parameters: 11 User rejected: 0 Sp. gp. extinct: 0
 Refinement time =    0.334s,    0.167s/cycle, for 2 cycles
 wR =    8.20%, chi**2 =      2.92875, GOF =   0.03

 Refinement results for histogram id 9: PWDR WT2_249.cbf Azm= 102.50
---------------------------------------------------------------------------------------------------------------------------------------
 Number of function calls: 5 No. of observations: 2500 No. of parameters: 11 User rejected: 0 Sp. gp. extinct: 0
 Refinement time =    0.344s,    0.172s/cycle, for 2 cycles
 wR =    8.10%, chi**2 =      2.85599, GOF =   0.03

 Refinement results for histogram id 10: PWDR WT2_250.cbf Azm= 102.50
---------------------------------------------------------------------------------------------------------------------------------------
 Number of function calls: 5 No. of observations: 2500 No. of parameters: 11 User rejected: 0 Sp. gp. extinct: 0
 Refinement time =    0.340s,    0.170s/cycle, for 2 cycles
 wR =    7.94%, chi**2 =       2.7428, GOF =   0.03

 Refinement results for histogram id 11: PWDR WT2_251.cbf Azm= 102.50
---------------------------------------------------------------------------------------------------------------------------------------
 Number of function calls: 5 No. of observations: 2500 No. of parameters: 11 User rejected: 0 Sp. gp. extinct: 0
 Refinement time =    0.328s,    0.164s/cycle, for 2 cycles
 wR =    7.85%, chi**2 =      2.67651, GOF =   0.03

 Refinement results for histogram id 12: PWDR WT2_252.cbf Azm= 102.50
---------------------------------------------------------------------------------------------------------------------------------------
 Number of function calls: 5 No. of observations: 2500 No. of parameters: 11 User rejected: 0 Sp. gp. extinct: 0
 Refinement time =    0.334s,    0.167s/cycle, for 2 cycles
 wR =    7.92%, chi**2 =       2.7323, GOF =   0.03
