********************************************************************************
   General Structure Analysis System-II Crystal Structure Refinement
              by Robert B. Von Dreele & Brian H. Toby
                Argonne National Laboratory(C), 2010
 This product includes software developed by the UChicago Argonne, LLC,
            as Operator of Argonne National Laboratory.
                          Please cite:
   B.H. Toby & R.B. Von Dreele, J. Appl. Cryst. 46, 544-549 (2013)
********************************************************************************
 Least squares controls:
 Refinement type: analytic Hessian
 Maximum number of cycles: 10
 Regularize hydrogens (if any): False
 Initial shift factor: 1.000
 Sequential refinement controls:
 Copy of histogram results to next: False
 Process histograms in reverse order: False

 Refinement results for histogram id 0: PWDR WT21_250.cbf Azm= 102.50
---------------------------------------------------------------------------------------------------------------------------------------
 Number of function calls: 5 No. of observations: 2500 No. of parameters: 11 User rejected: 0 Sp. gp. extinct: 0
 Refinement time =    0.345s,    0.173s/cycle, for 2 cycles
 wR =    8.50%, chi**2 =      3.71393, GOF =   0.04

 Refinement results for histogram id 1: PWDR WT21_251.cbf Azm= 102.50
---------------------------------------------------------------------------------------------------------------------------------------
 Number of function calls: 5 No. of observations: 2500 No. of parameters: 11 User rejected: 0 Sp. gp. extinct: 0
 Refinement time =    0.339s,    0.170s/cycle, for 2 cycles
 wR =    8.60%, chi**2 =       3.7951, GOF =   0.04

 Refinement results for histogram id 2: PWDR WT21_252.cbf Azm= 102.50
---------------------------------------------------------------------------------------------------------------------------------------
 Number of function calls: 5 No. of observations: 2500 No. of parameters: 11 User rejected: 0 Sp. gp. extinct: 0
 Refinement time =    0.341s,    0.170s/cycle, for 2 cycles
 wR =    8.77%, chi**2 =      3.94978, GOF =   0.04

 Refinement results for histogram id 3: PWDR WT21_253.cbf Azm= 102.50
---------------------------------------------------------------------------------------------------------------------------------------
 Number of function calls: 5 No. of observations: 2500 No. of parameters: 11 User rejected: 0 Sp. gp. extinct: 0
 Refinement time =    0.343s,    0.172s/cycle, for 2 cycles
 wR =    8.51%, chi**2 =      3.71779, GOF =   0.04

 Refinement results for histogram id 4: PWDR WT21_254.cbf Azm= 102.50
---------------------------------------------------------------------------------------------------------------------------------------
 Number of function calls: 5 No. of observations: 2500 No. of parameters: 11 User rejected: 0 Sp. gp. extinct: 0
 Refinement time =    0.348s,    0.174s/cycle, for 2 cycles
 wR =    8.53%, chi**2 =       3.7398, GOF =   0.04

 Refinement results for histogram id 5: PWDR WT21_255.cbf Azm= 102.50
---------------------------------------------------------------------------------------------------------------------------------------
 Number of function calls: 5 No. of observations: 2500 No. of parameters: 11 User rejected: 0 Sp. gp. extinct: 0
 Refinement time =    0.344s,    0.172s/cycle, for 2 cycles
 wR =    8.49%, chi**2 =      3.69573, GOF =   0.04

 Refinement results for histogram id 6: PWDR WT21_256.cbf Azm= 102.50
---------------------------------------------------------------------------------------------------------------------------------------
 Number of function calls: 5 No. of observations: 2500 No. of parameters: 11 User rejected: 0 Sp. gp. extinct: 0
 Refinement time =    0.352s,    0.176s/cycle, for 2 cycles
 wR =    8.44%, chi**2 =      3.65613, GOF =   0.04
