********************************************************************************
   General Structure Analysis System-II Crystal Structure Refinement
              by Robert B. Von Dreele & Brian H. Toby
                Argonne National Laboratory(C), 2010
 This product includes software developed by the UChicago Argonne, LLC,
            as Operator of Argonne National Laboratory.
                          Please cite:
   B.H. Toby & R.B. Von Dreele, J. Appl. Cryst. 46, 544-549 (2013)
********************************************************************************
 Least squares controls:
 Refinement type: analytic Hessian
 Maximum number of cycles: 10
 Regularize hydrogens (if any): False
 Initial shift factor: 1.000
 Sequential refinement controls:
 Copy of histogram results to next: False
 Process histograms in reverse order: False

 Refinement results for histogram id 0: PWDR WT22_240.cbf Azm= 102.50
---------------------------------------------------------------------------------------------------------------------------------------
 Number of function calls: 5 No. of observations: 2500 No. of parameters: 11 User rejected: 0 Sp. gp. extinct: 0
 Refinement time =    0.370s,    0.185s/cycle, for 2 cycles
 wR =    8.03%, chi**2 =       3.4739, GOF =   0.04

 Refinement results for histogram id 1: PWDR WT22_241.cbf Azm= 102.50
---------------------------------------------------------------------------------------------------------------------------------------
 Number of function calls: 5 No. of observations: 2500 No. of parameters: 11 User rejected: 0 Sp. gp. extinct: 0
 Refinement time =    0.336s,    0.168s/cycle, for 2 cycles
 wR =    7.89%, chi**2 =      3.35859, GOF =   0.04

 Refinement results for histogram id 2: PWDR WT22_242.cbf Azm= 102.50
---------------------------------------------------------------------------------------------------------------------------------------
 Number of function calls: 5 No. of observations: 2500 No. of parameters: 11 User rejected: 0 Sp. gp. extinct: 0
 Refinement time =    0.341s,    0.171s/cycle, for 2 cycles
 wR =    8.14%, chi**2 =      3.56961, GOF =   0.04

 Refinement results for histogram id 3: PWDR WT22_243.cbf Azm= 102.50
---------------------------------------------------------------------------------------------------------------------------------------
 Number of function calls: 5 No. of observations: 2500 No. of parameters: 11 User rejected: 0 Sp. gp. extinct: 0
 Refinement time =    0.344s,    0.172s/cycle, for 2 cycles
 wR =    7.97%, chi**2 =      3.42439, GOF =   0.04

 Refinement results for histogram id 4: PWDR WT22_244.cbf Azm= 102.50
---------------------------------------------------------------------------------------------------------------------------------------
 Number of function calls: 5 No. of observations: 2500 No. of parameters: 11 User rejected: 0 Sp. gp. extinct: 0
 Refinement time =    0.339s,    0.170s/cycle, for 2 cycles
 wR =    8.13%, chi**2 =      3.57115, GOF =   0.04

 Refinement results for histogram id 5: PWDR WT22_245.cbf Azm= 102.50
---------------------------------------------------------------------------------------------------------------------------------------
 Number of function calls: 5 No. of observations: 2500 No. of parameters: 11 User rejected: 0 Sp. gp. extinct: 0
 Refinement time =    0.338s,    0.169s/cycle, for 2 cycles
 wR =    8.05%, chi**2 =      3.49784, GOF =   0.04

 Refinement results for histogram id 6: PWDR WT22_246.cbf Azm= 102.50
---------------------------------------------------------------------------------------------------------------------------------------
 Number of function calls: 5 No. of observations: 2500 No. of parameters: 11 User rejected: 0 Sp. gp. extinct: 0
 Refinement time =    0.335s,    0.167s/cycle, for 2 cycles
 wR =    8.10%, chi**2 =      3.53608, GOF =   0.04

 Refinement results for histogram id 7: PWDR WT22_247.cbf Azm= 102.50
---------------------------------------------------------------------------------------------------------------------------------------
 Number of function calls: 5 No. of observations: 2500 No. of parameters: 11 User rejected: 0 Sp. gp. extinct: 0
 Refinement time =    0.332s,    0.166s/cycle, for 2 cycles
 wR =    8.01%, chi**2 =      3.45917, GOF =   0.04

 Refinement results for histogram id 8: PWDR WT22_248.cbf Azm= 102.50
---------------------------------------------------------------------------------------------------------------------------------------
 Number of function calls: 5 No. of observations: 2500 No. of parameters: 11 User rejected: 0 Sp. gp. extinct: 0
 Refinement time =    0.330s,    0.165s/cycle, for 2 cycles
 wR =    8.03%, chi**2 =      3.47452, GOF =   0.04

 Refinement results for histogram id 9: PWDR WT22_249.cbf Azm= 102.50
---------------------------------------------------------------------------------------------------------------------------------------
 Number of function calls: 5 No. of observations: 2500 No. of parameters: 11 User rejected: 0 Sp. gp. extinct: 0
 Refinement time =    0.340s,    0.170s/cycle, for 2 cycles
 wR =    7.87%, chi**2 =      3.33588, GOF =   0.04

 Refinement results for histogram id 10: PWDR WT22_250.cbf Azm= 102.50
---------------------------------------------------------------------------------------------------------------------------------------
 Number of function calls: 5 No. of observations: 2500 No. of parameters: 11 User rejected: 0 Sp. gp. extinct: 0
 Refinement time =    0.340s,    0.170s/cycle, for 2 cycles
 wR =    7.92%, chi**2 =      3.37887, GOF =   0.04

 Refinement results for histogram id 11: PWDR WT22_251.cbf Azm= 102.50
---------------------------------------------------------------------------------------------------------------------------------------
 Number of function calls: 5 No. of observations: 2500 No. of parameters: 11 User rejected: 0 Sp. gp. extinct: 0
 Refinement time =    0.327s,    0.164s/cycle, for 2 cycles
 wR =    7.95%, chi**2 =      3.40343, GOF =   0.04

 Refinement results for histogram id 12: PWDR WT22_252.cbf Azm= 102.50
---------------------------------------------------------------------------------------------------------------------------------------
 Number of function calls: 5 No. of observations: 2500 No. of parameters: 11 User rejected: 0 Sp. gp. extinct: 0
 Refinement time =    0.336s,    0.168s/cycle, for 2 cycles
 wR =    8.03%, chi**2 =      3.48146, GOF =   0.04
