********************************************************************************
   General Structure Analysis System-II Crystal Structure Refinement
              by Robert B. Von Dreele & Brian H. Toby
                Argonne National Laboratory(C), 2010
 This product includes software developed by the UChicago Argonne, LLC,
            as Operator of Argonne National Laboratory.
                          Please cite:
   B.H. Toby & R.B. Von Dreele, J. Appl. Cryst. 46, 544-549 (2013)
********************************************************************************
 Least squares controls:
 Refinement type: analytic Hessian
 Maximum number of cycles: 10
 Regularize hydrogens (if any): False
 Initial shift factor: 1.000
 Sequential refinement controls:
 Copy of histogram results to next: False
 Process histograms in reverse order: False

 Refinement results for histogram id 0: PWDR WT24_243.cbf Azm= 102.50
---------------------------------------------------------------------------------------------------------------------------------------
 Number of function calls: 5 No. of observations: 2500 No. of parameters: 11 User rejected: 0 Sp. gp. extinct: 0
 Refinement time =    0.349s,    0.174s/cycle, for 2 cycles
 wR =   11.62%, chi**2 =      5.75902, GOF =   0.05

 Refinement results for histogram id 1: PWDR WT24_244.cbf Azm= 102.50
---------------------------------------------------------------------------------------------------------------------------------------
 Number of function calls: 5 No. of observations: 2500 No. of parameters: 11 User rejected: 0 Sp. gp. extinct: 0
 Refinement time =    0.344s,    0.172s/cycle, for 2 cycles
 wR =   11.24%, chi**2 =      5.38137, GOF =   0.05

 Refinement results for histogram id 2: PWDR WT24_245.cbf Azm= 102.50
---------------------------------------------------------------------------------------------------------------------------------------
 Number of function calls: 5 No. of observations: 2500 No. of parameters: 11 User rejected: 0 Sp. gp. extinct: 0
 Refinement time =    0.337s,    0.168s/cycle, for 2 cycles
 wR =   11.31%, chi**2 =      5.47116, GOF =   0.05

 Refinement results for histogram id 3: PWDR WT24_246.cbf Azm= 102.50
---------------------------------------------------------------------------------------------------------------------------------------
 Number of function calls: 5 No. of observations: 2500 No. of parameters: 11 User rejected: 0 Sp. gp. extinct: 0
 Refinement time =    0.343s,    0.171s/cycle, for 2 cycles
 wR =   11.45%, chi**2 =      5.58679, GOF =   0.05

 Refinement results for histogram id 4: PWDR WT24_247.cbf Azm= 102.50
---------------------------------------------------------------------------------------------------------------------------------------
 Number of function calls: 5 No. of observations: 2500 No. of parameters: 11 User rejected: 0 Sp. gp. extinct: 0
 Refinement time =    0.333s,    0.166s/cycle, for 2 cycles
 wR =   11.27%, chi**2 =      5.42762, GOF =   0.05

 Refinement results for histogram id 5: PWDR WT24_248.cbf Azm= 102.50
---------------------------------------------------------------------------------------------------------------------------------------
 Number of function calls: 5 No. of observations: 2500 No. of parameters: 11 User rejected: 0 Sp. gp. extinct: 0
 Refinement time =    0.335s,    0.168s/cycle, for 2 cycles
 wR =   10.97%, chi**2 =      5.15185, GOF =   0.05

 Refinement results for histogram id 6: PWDR WT24_249.cbf Azm= 102.50
---------------------------------------------------------------------------------------------------------------------------------------
 Number of function calls: 5 No. of observations: 2500 No. of parameters: 11 User rejected: 0 Sp. gp. extinct: 0
 Refinement time =    0.337s,    0.168s/cycle, for 2 cycles
 wR =   10.99%, chi**2 =      5.17334, GOF =   0.05

 Refinement results for histogram id 7: PWDR WT24_250.cbf Azm= 102.50
---------------------------------------------------------------------------------------------------------------------------------------
 Number of function calls: 5 No. of observations: 2500 No. of parameters: 11 User rejected: 0 Sp. gp. extinct: 0
 Refinement time =    0.359s,    0.179s/cycle, for 2 cycles
 wR =   11.23%, chi**2 =      5.39664, GOF =   0.05

 Refinement results for histogram id 8: PWDR WT24_251.cbf Azm= 102.50
---------------------------------------------------------------------------------------------------------------------------------------
 Number of function calls: 5 No. of observations: 2500 No. of parameters: 11 User rejected: 0 Sp. gp. extinct: 0
 Refinement time =    0.348s,    0.174s/cycle, for 2 cycles
 wR =   11.05%, chi**2 =      5.25399, GOF =   0.05

 Refinement results for histogram id 9: PWDR WT24_252.cbf Azm= 102.50
---------------------------------------------------------------------------------------------------------------------------------------
 Number of function calls: 5 No. of observations: 2500 No. of parameters: 11 User rejected: 0 Sp. gp. extinct: 0
 Refinement time =    0.342s,    0.171s/cycle, for 2 cycles
 wR =   10.85%, chi**2 =      5.05146, GOF =   0.05

 Refinement results for histogram id 10: PWDR WT24_253.cbf Azm= 102.50
---------------------------------------------------------------------------------------------------------------------------------------
 Number of function calls: 5 No. of observations: 2500 No. of parameters: 11 User rejected: 0 Sp. gp. extinct: 0
 Refinement time =    0.338s,    0.169s/cycle, for 2 cycles
 wR =   10.95%, chi**2 =      5.13427, GOF =   0.05

 Refinement results for histogram id 11: PWDR WT24_254.cbf Azm= 102.50
---------------------------------------------------------------------------------------------------------------------------------------
 Number of function calls: 5 No. of observations: 2500 No. of parameters: 11 User rejected: 0 Sp. gp. extinct: 0
 Refinement time =    0.344s,    0.172s/cycle, for 2 cycles
 wR =   10.99%, chi**2 =      5.17784, GOF =   0.05
