********************************************************************************
   General Structure Analysis System-II Crystal Structure Refinement
              by Robert B. Von Dreele & Brian H. Toby
                Argonne National Laboratory(C), 2010
 This product includes software developed by the UChicago Argonne, LLC,
            as Operator of Argonne National Laboratory.
                          Please cite:
   B.H. Toby & R.B. Von Dreele, J. Appl. Cryst. 46, 544-549 (2013)
********************************************************************************
 Least squares controls:
 Refinement type: analytic Hessian
 Maximum number of cycles: 10
 Regularize hydrogens (if any): False
 Initial shift factor: 1.000
 Sequential refinement controls:
 Copy of histogram results to next: False
 Process histograms in reverse order: False

 Refinement results for histogram id 0: PWDR WT6_240.cbf Azm= 102.50
---------------------------------------------------------------------------------------------------------------------------------------
 Number of function calls: 5 No. of observations: 2500 No. of parameters: 11 User rejected: 0 Sp. gp. extinct: 0
 Refinement time =    0.359s,    0.180s/cycle, for 2 cycles
 wR =    9.03%, chi**2 =      3.43878, GOF =   0.04

 Refinement results for histogram id 1: PWDR WT6_241.cbf Azm= 102.50
---------------------------------------------------------------------------------------------------------------------------------------
 Number of function calls: 5 No. of observations: 2500 No. of parameters: 11 User rejected: 0 Sp. gp. extinct: 0
 Refinement time =    0.343s,    0.172s/cycle, for 2 cycles
 wR =    9.23%, chi**2 =      3.59301, GOF =   0.04

 Refinement results for histogram id 2: PWDR WT6_242.cbf Azm= 102.50
---------------------------------------------------------------------------------------------------------------------------------------
 Number of function calls: 5 No. of observations: 2500 No. of parameters: 11 User rejected: 0 Sp. gp. extinct: 0
 Refinement time =    0.331s,    0.165s/cycle, for 2 cycles
 wR =    8.95%, chi**2 =      3.38002, GOF =   0.04

 Refinement results for histogram id 3: PWDR WT6_243.cbf Azm= 102.50
---------------------------------------------------------------------------------------------------------------------------------------
 Number of function calls: 5 No. of observations: 2500 No. of parameters: 11 User rejected: 0 Sp. gp. extinct: 0
 Refinement time =    0.339s,    0.169s/cycle, for 2 cycles
 wR =    9.07%, chi**2 =       3.4735, GOF =   0.04

 Refinement results for histogram id 4: PWDR WT6_244.cbf Azm= 102.50
---------------------------------------------------------------------------------------------------------------------------------------
 Number of function calls: 5 No. of observations: 2500 No. of parameters: 11 User rejected: 0 Sp. gp. extinct: 0
 Refinement time =    0.336s,    0.168s/cycle, for 2 cycles
 wR =    8.95%, chi**2 =      3.38437, GOF =   0.04

 Refinement results for histogram id 5: PWDR WT6_245.cbf Azm= 102.50
---------------------------------------------------------------------------------------------------------------------------------------
 Number of function calls: 5 No. of observations: 2500 No. of parameters: 11 User rejected: 0 Sp. gp. extinct: 0
 Refinement time =    0.347s,    0.173s/cycle, for 2 cycles
 wR =    9.10%, chi**2 =      3.48773, GOF =   0.04

 Refinement results for histogram id 6: PWDR WT6_246.cbf Azm= 102.50
---------------------------------------------------------------------------------------------------------------------------------------
 Number of function calls: 5 No. of observations: 2500 No. of parameters: 11 User rejected: 0 Sp. gp. extinct: 0
 Refinement time =    0.350s,    0.175s/cycle, for 2 cycles
 wR =    8.76%, chi**2 =      3.23388, GOF =   0.04

 Refinement results for histogram id 7: PWDR WT6_247.cbf Azm= 102.50
---------------------------------------------------------------------------------------------------------------------------------------
 Number of function calls: 5 No. of observations: 2500 No. of parameters: 11 User rejected: 0 Sp. gp. extinct: 0
 Refinement time =    0.334s,    0.167s/cycle, for 2 cycles
 wR =    8.92%, chi**2 =      3.34836, GOF =   0.04

 Refinement results for histogram id 8: PWDR WT6_248.cbf Azm= 102.50
---------------------------------------------------------------------------------------------------------------------------------------
 Number of function calls: 5 No. of observations: 2500 No. of parameters: 11 User rejected: 0 Sp. gp. extinct: 0
 Refinement time =    0.343s,    0.172s/cycle, for 2 cycles
 wR =    8.93%, chi**2 =      3.36603, GOF =   0.04

 Refinement results for histogram id 9: PWDR WT6_249.cbf Azm= 102.50
---------------------------------------------------------------------------------------------------------------------------------------
 Number of function calls: 5 No. of observations: 2500 No. of parameters: 11 User rejected: 0 Sp. gp. extinct: 0
 Refinement time =    0.348s,    0.174s/cycle, for 2 cycles
 wR =    8.85%, chi**2 =        3.302, GOF =   0.04

 Refinement results for histogram id 10: PWDR WT6_250.cbf Azm= 102.50
---------------------------------------------------------------------------------------------------------------------------------------
 Number of function calls: 5 No. of observations: 2500 No. of parameters: 11 User rejected: 0 Sp. gp. extinct: 0
 Refinement time =    0.348s,    0.174s/cycle, for 2 cycles
 wR =    8.75%, chi**2 =      3.22543, GOF =   0.04

 Refinement results for histogram id 11: PWDR WT6_251.cbf Azm= 102.50
---------------------------------------------------------------------------------------------------------------------------------------
 Number of function calls: 5 No. of observations: 2500 No. of parameters: 11 User rejected: 0 Sp. gp. extinct: 0
 Refinement time =    0.342s,    0.171s/cycle, for 2 cycles
 wR =    8.62%, chi**2 =        3.126, GOF =   0.04
