********************************************************************************
   General Structure Analysis System-II Crystal Structure Refinement
              by Robert B. Von Dreele & Brian H. Toby
                Argonne National Laboratory(C), 2010
 This product includes software developed by the UChicago Argonne, LLC,
            as Operator of Argonne National Laboratory.
                          Please cite:
   B.H. Toby & R.B. Von Dreele, J. Appl. Cryst. 46, 544-549 (2013)
********************************************************************************
 Least squares controls:
 Refinement type: analytic Hessian
 Maximum number of cycles: 10
 Regularize hydrogens (if any): False
 Initial shift factor: 1.000
 Sequential refinement controls:
 Copy of histogram results to next: False
 Process histograms in reverse order: False

 Refinement results for histogram id 0: PWDR WT7_240.cbf Azm= 102.50
---------------------------------------------------------------------------------------------------------------------------------------
 Number of function calls: 5 No. of observations: 2500 No. of parameters: 11 User rejected: 0 Sp. gp. extinct: 0
 Refinement time =    0.349s,    0.175s/cycle, for 2 cycles
 wR =    7.57%, chi**2 =        2.508, GOF =   0.03

 Refinement results for histogram id 1: PWDR WT7_241.cbf Azm= 102.50
---------------------------------------------------------------------------------------------------------------------------------------
 Number of function calls: 5 No. of observations: 2500 No. of parameters: 11 User rejected: 0 Sp. gp. extinct: 0
 Refinement time =    0.368s,    0.184s/cycle, for 2 cycles
 wR =    7.40%, chi**2 =      2.38968, GOF =   0.03

 Refinement results for histogram id 2: PWDR WT7_242.cbf Azm= 102.50
---------------------------------------------------------------------------------------------------------------------------------------
 Number of function calls: 5 No. of observations: 2500 No. of parameters: 11 User rejected: 0 Sp. gp. extinct: 0
 Refinement time =    0.352s,    0.176s/cycle, for 2 cycles
 wR =    7.56%, chi**2 =      2.50254, GOF =   0.03

 Refinement results for histogram id 3: PWDR WT7_243.cbf Azm= 102.50
---------------------------------------------------------------------------------------------------------------------------------------
 Number of function calls: 5 No. of observations: 2500 No. of parameters: 11 User rejected: 0 Sp. gp. extinct: 0
 Refinement time =    0.349s,    0.175s/cycle, for 2 cycles
 wR =    7.54%, chi**2 =      2.49221, GOF =   0.03

 Refinement results for histogram id 4: PWDR WT7_244.cbf Azm= 102.50
---------------------------------------------------------------------------------------------------------------------------------------
 Number of function calls: 5 No. of observations: 2500 No. of parameters: 11 User rejected: 0 Sp. gp. extinct: 0
 Refinement time =    0.339s,    0.169s/cycle, for 2 cycles
 wR =    7.57%, chi**2 =      2.50543, GOF =   0.03

 Refinement results for histogram id 5: PWDR WT7_245.cbf Azm= 102.50
---------------------------------------------------------------------------------------------------------------------------------------
 Number of function calls: 5 No. of observations: 2500 No. of parameters: 11 User rejected: 0 Sp. gp. extinct: 0
 Refinement time =    0.334s,    0.167s/cycle, for 2 cycles
 wR =    7.37%, chi**2 =      2.37323, GOF =   0.03

 Refinement results for histogram id 6: PWDR WT7_246.cbf Azm= 102.50
---------------------------------------------------------------------------------------------------------------------------------------
 Number of function calls: 5 No. of observations: 2500 No. of parameters: 11 User rejected: 0 Sp. gp. extinct: 0
 Refinement time =    0.336s,    0.168s/cycle, for 2 cycles
 wR =    7.29%, chi**2 =      2.32771, GOF =   0.03

 Refinement results for histogram id 7: PWDR WT7_247.cbf Azm= 102.50
---------------------------------------------------------------------------------------------------------------------------------------
 Number of function calls: 5 No. of observations: 2500 No. of parameters: 11 User rejected: 0 Sp. gp. extinct: 0
 Refinement time =    0.344s,    0.172s/cycle, for 2 cycles
 wR =    7.37%, chi**2 =      2.37217, GOF =   0.03

 Refinement results for histogram id 8: PWDR WT7_248.cbf Azm= 102.50
---------------------------------------------------------------------------------------------------------------------------------------
 Number of function calls: 5 No. of observations: 2500 No. of parameters: 11 User rejected: 0 Sp. gp. extinct: 0
 Refinement time =    0.332s,    0.166s/cycle, for 2 cycles
 wR =    7.44%, chi**2 =      2.42329, GOF =   0.03

 Refinement results for histogram id 9: PWDR WT7_249.cbf Azm= 102.50
---------------------------------------------------------------------------------------------------------------------------------------
 Number of function calls: 5 No. of observations: 2500 No. of parameters: 11 User rejected: 0 Sp. gp. extinct: 0
 Refinement time =    0.339s,    0.170s/cycle, for 2 cycles
 wR =    7.48%, chi**2 =      2.44988, GOF =   0.03

 Refinement results for histogram id 10: PWDR WT7_250.cbf Azm= 102.50
---------------------------------------------------------------------------------------------------------------------------------------
 Number of function calls: 5 No. of observations: 2500 No. of parameters: 11 User rejected: 0 Sp. gp. extinct: 0
 Refinement time =    0.336s,    0.168s/cycle, for 2 cycles
 wR =    7.45%, chi**2 =      2.42714, GOF =   0.03
